[    0.000000] Initializing cgroup subsys cpuset
[    0.000000] Initializing cgroup subsys cpu
[    0.000000] Initializing cgroup subsys cpuacct
[    0.000000] Linux version 4.4.0-176-generic (buildd@lgw01-amd64-035) (gcc version 5.4.0 20160609 (Ubuntu 5.4.0-6ubuntu1~16.04.12) ) #206-Ubuntu SMP Fri Feb 28 05:02:04 UTC 2020 (Ubuntu 4.4.0-176.206-generic 4.4.211)
[    0.000000] Command line: BOOT_IMAGE=/boot/vmlinuz-4.4.0-176-generic root=LABEL=cloudimg-rootfs ro console=tty1 console=ttyS0
[    0.000000] KERNEL supported cpus:
[    0.000000]   Intel GenuineIntel
[    0.000000]   AMD AuthenticAMD
[    0.000000]   Centaur CentaurHauls
[    0.000000] x86/fpu: xstate_offset[2]:  576, xstate_sizes[2]:  256
[    0.000000] x86/fpu: Supporting XSAVE feature 0x01: 'x87 floating point registers'
[    0.000000] x86/fpu: Supporting XSAVE feature 0x02: 'SSE registers'
[    0.000000] x86/fpu: Supporting XSAVE feature 0x04: 'AVX registers'
[    0.000000] x86/fpu: Enabled xstate features 0x7, context size is 832 bytes, using 'standard' format.
[    0.000000] e820: BIOS-provided physical RAM map:
[    0.000000] BIOS-e820: [mem 0x0000000000000000-0x000000000009fbff] usable
[    0.000000] BIOS-e820: [mem 0x000000000009fc00-0x000000000009ffff] reserved
[    0.000000] BIOS-e820: [mem 0x00000000000f0000-0x00000000000fffff] reserved
[    0.000000] BIOS-e820: [mem 0x0000000000100000-0x000000003ffeffff] usable
[    0.000000] BIOS-e820: [mem 0x000000003fff0000-0x000000003fffffff] ACPI data
[    0.000000] BIOS-e820: [mem 0x00000000fec00000-0x00000000fec00fff] reserved
[    0.000000] BIOS-e820: [mem 0x00000000fee00000-0x00000000fee00fff] reserved
[    0.000000] BIOS-e820: [mem 0x00000000fffc0000-0x00000000ffffffff] reserved
[    0.000000] NX (Execute Disable) protection: active
[    0.000000] SMBIOS 2.5 present.
[    0.000000] Hypervisor detected: KVM
[    0.000000] Kernel/User page tables isolation: disabled
[    0.000000] e820: last_pfn = 0x3fff0 max_arch_pfn = 0x400000000
[    0.000000] MTRR: Disabled
[    0.000000] x86/PAT: MTRRs disabled, skipping PAT initialization too.
[    0.000000] CPU MTRRs all blank - virtualized system.
[    0.000000] x86/PAT: Configuration [0-7]: WB  WT  UC- UC  WB  WT  UC- UC  
[    0.000000] found SMP MP-table at [mem 0x0009fff0-0x0009ffff] mapped at [ffff88000009fff0]
[    0.000000] Scanning 1 areas for low memory corruption
[    0.000000] RAMDISK: [mem 0x362e2000-0x37168fff]
[    0.000000] ACPI: Early table checksum verification disabled
[    0.000000] ACPI: RSDP 0x00000000000E0000 000024 (v02 VBOX  )
[    0.000000] ACPI: XSDT 0x000000003FFF0030 00003C (v01 VBOX   VBOXXSDT 00000001 ASL  00000061)
[    0.000000] ACPI: FACP 0x000000003FFF00F0 0000F4 (v04 VBOX   VBOXFACP 00000001 ASL  00000061)
[    0.000000] ACPI: DSDT 0x000000003FFF0470 002325 (v02 VBOX   VBOXBIOS 00000002 INTL 20100528)
[    0.000000] ACPI: FACS 0x000000003FFF0200 000040
[    0.000000] ACPI: FACS 0x000000003FFF0200 000040
[    0.000000] ACPI: APIC 0x000000003FFF0240 00005C (v02 VBOX   VBOXAPIC 00000001 ASL  00000061)
[    0.000000] ACPI: SSDT 0x000000003FFF02A0 0001CC (v01 VBOX   VBOXCPUT 00000002 INTL 20100528)
[    0.000000] No NUMA configuration found
[    0.000000] Faking a node at [mem 0x0000000000000000-0x000000003ffeffff]
[    0.000000] NODE_DATA(0) allocated [mem 0x3ffeb000-0x3ffeffff]
[    0.000000] kvm-clock: Using msrs 4b564d01 and 4b564d00
[    0.000000] kvm-clock: cpu 0, msr 0:3ffe3001, primary cpu clock
[    0.000000] kvm-clock: using sched offset of 3550525032 cycles
[    0.000000] clocksource: kvm-clock: mask: 0xffffffffffffffff max_cycles: 0x1cd42e4dffb, max_idle_ns: 881590591483 ns
[    0.000000] Zone ranges:
[    0.000000]   DMA      [mem 0x0000000000001000-0x0000000000ffffff]
[    0.000000]   DMA32    [mem 0x0000000001000000-0x000000003ffeffff]
[    0.000000]   Normal   empty
[    0.000000]   Device   empty
[    0.000000] Movable zone start for each node
[    0.000000] Early memory node ranges
[    0.000000]   node   0: [mem 0x0000000000001000-0x000000000009efff]
[    0.000000]   node   0: [mem 0x0000000000100000-0x000000003ffeffff]
[    0.000000] Initmem setup node 0 [mem 0x0000000000001000-0x000000003ffeffff]
[    0.000000] ACPI: PM-Timer IO Port: 0x4008
[    0.000000] IOAPIC[0]: apic_id 2, version 32, address 0xfec00000, GSI 0-23
[    0.000000] ACPI: INT_SRC_OVR (bus 0 bus_irq 0 global_irq 2 dfl dfl)
[    0.000000] ACPI: INT_SRC_OVR (bus 0 bus_irq 9 global_irq 9 low level)
[    0.000000] Using ACPI (MADT) for SMP configuration information
[    0.000000] smpboot: Allowing 2 CPUs, 0 hotplug CPUs
[    0.000000] PM: Registered nosave memory: [mem 0x00000000-0x00000fff]
[    0.000000] PM: Registered nosave memory: [mem 0x0009f000-0x0009ffff]
[    0.000000] PM: Registered nosave memory: [mem 0x000a0000-0x000effff]
[    0.000000] PM: Registered nosave memory: [mem 0x000f0000-0x000fffff]
[    0.000000] e820: [mem 0x40000000-0xfebfffff] available for PCI devices
[    0.000000] Booting paravirtualized kernel on KVM
[    0.000000] clocksource: refined-jiffies: mask: 0xffffffff max_cycles: 0xffffffff, max_idle_ns: 7645519600211568 ns
[    0.000000] setup_percpu: NR_CPUS:512 nr_cpumask_bits:512 nr_cpu_ids:2 nr_node_ids:1
[    0.000000] PERCPU: Embedded 33 pages/cpu @ffff88003fc00000 s95448 r8192 d31528 u1048576
[    0.000000] Built 1 zonelists in Node order, mobility grouping on.  Total pages: 257912
[    0.000000] Policy zone: DMA32
[    0.000000] Kernel command line: BOOT_IMAGE=/boot/vmlinuz-4.4.0-176-generic root=LABEL=cloudimg-rootfs ro console=tty1 console=ttyS0
[    0.000000] PID hash table entries: 4096 (order: 3, 32768 bytes)
[    0.000000] Memory: 997676K/1048120K available (8626K kernel code, 1336K rwdata, 4032K rodata, 1488K init, 1292K bss, 50444K reserved, 0K cma-reserved)
[    0.000000] SLUB: HWalign=64, Order=0-3, MinObjects=0, CPUs=2, Nodes=1
[    0.000000] Hierarchical RCU implementation.
[    0.000000] 	Build-time adjustment of leaf fanout to 64.
[    0.000000] 	RCU restricting CPUs from NR_CPUS=512 to nr_cpu_ids=2.
[    0.000000] RCU: Adjusting geometry for rcu_fanout_leaf=64, nr_cpu_ids=2
[    0.000000] NR_IRQS:33024 nr_irqs:440 16
[    0.000000] Console: colour VGA+ 80x25
[    0.000000] console [tty1] enabled
[    0.000000] console [ttyS0] enabled
[    0.000000] tsc: Detected 1991.996 MHz processor
[    0.154962] Calibrating delay loop (skipped) preset value.. 3983.99 BogoMIPS (lpj=7967984)
[    0.157036] pid_max: default: 32768 minimum: 301
[    0.157820] ACPI: Core revision 20150930
[    0.160275] ACPI: 2 ACPI AML tables successfully acquired and loaded
[    0.161902] Security Framework initialized
[    0.163566] Yama: becoming mindful.
[    0.165108] AppArmor: AppArmor initialized
[    0.167650] Dentry cache hash table entries: 131072 (order: 8, 1048576 bytes)
[    0.169289] Inode-cache hash table entries: 65536 (order: 7, 524288 bytes)
[    0.174413] Mount-cache hash table entries: 2048 (order: 2, 16384 bytes)
[    0.177823] Mountpoint-cache hash table entries: 2048 (order: 2, 16384 bytes)
[    0.180008] Initializing cgroup subsys io
[    0.180905] Initializing cgroup subsys memory
[    0.181613] Initializing cgroup subsys devices
[    0.182370] Initializing cgroup subsys freezer
[    0.183264] Initializing cgroup subsys net_cls
[    0.184354] Initializing cgroup subsys perf_event
[    0.185393] Initializing cgroup subsys net_prio
[    0.186348] Initializing cgroup subsys hugetlb
[    0.187423] Initializing cgroup subsys pids
[    0.189565] mce: CPU supports 0 MCE banks
[    0.191466] Last level iTLB entries: 4KB 64, 2MB 8, 4MB 8
[    0.193417] Last level dTLB entries: 4KB 64, 2MB 0, 4MB 0, 1GB 4
[    0.194844] Spectre V1 : Mitigation: usercopy/swapgs barriers and __user pointer sanitization
[    0.197363] Spectre V2 : Mitigation: Full generic retpoline
[    0.199296] Spectre V2 : Spectre v2 / SpectreRSB mitigation: Filling RSB on context switch
[    0.201465] Speculative Store Bypass: Vulnerable
[    0.204848] Freeing SMP alternatives memory: 36K
[    0.211898] ftrace: allocating 32305 entries in 127 pages
[    0.276639] smpboot: APIC(0) Converting physical 0 to logical package 0
[    0.278286] smpboot: Max logical packages: 1
[    0.279634] x2apic enabled
[    0.280399] Switched APIC routing to physical x2apic.
[    0.282793] ..TIMER: vector=0x30 apic1=0 pin1=2 apic2=-1 pin2=-1
[    0.393004] smpboot: CPU0: Intel(R) Core(TM) i7-8565U CPU @ 1.80GHz (family: 0x6, model: 0x8e, stepping: 0xc)
[    0.395622] Performance Events: unsupported p6 CPU model 142 no PMU driver, software events only.
[    0.406765] KVM setup paravirtual spinlock
[    0.408794] x86: Booting SMP configuration:
[    0.410505] .... node  #0, CPUs:      #1
[    0.411310] kvm-clock: cpu 1, msr 0:3ffe3041, secondary cpu clock
[    0.413801] mce: CPU supports 0 MCE banks
[    0.416391] x86: Booted up 1 node, 2 CPUs
[    0.417348] smpboot: Total of 2 processors activated (7967.98 BogoMIPS)
[    0.419557] devtmpfs: initialized
[    0.421951] evm: security.selinux
[    0.422925] evm: security.SMACK64
[    0.423988] evm: security.SMACK64EXEC
[    0.424984] evm: security.SMACK64TRANSMUTE
[    0.426109] evm: security.SMACK64MMAP
[    0.427127] evm: security.ima
[    0.427981] evm: security.capability
[    0.429131] clocksource: jiffies: mask: 0xffffffff max_cycles: 0xffffffff, max_idle_ns: 7645041785100000 ns
[    0.431133] futex hash table entries: 512 (order: 3, 32768 bytes)
[    0.432163] pinctrl core: initialized pinctrl subsystem
[    0.433049] RTC time: 14:01:25, date: 07/28/20
[    0.436801] NET: Registered protocol family 16
[    0.450901] cpuidle: using governor ladder
[    0.465559] cpuidle: using governor menu
[    0.466850] PCCT header not found.
[    0.467810] ACPI: bus type PCI registered
[    0.468942] acpiphp: ACPI Hot Plug PCI Controller Driver version: 0.5
[    0.470499] PCI: Using configuration type 1 for base access
[    0.483040] ACPI: Added _OSI(Module Device)
[    0.484160] ACPI: Added _OSI(Processor Device)
[    0.485384] ACPI: Added _OSI(3.0 _SCP Extensions)
[    0.486832] ACPI: Added _OSI(Processor Aggregator Device)
[    0.488392] ACPI: Executed 1 blocks of module-level executable AML code
[    0.491783] ACPI: Interpreter enabled
[    0.492960] ACPI: (supports S0 S5)
[    0.493719] ACPI: Using IOAPIC for interrupt routing
[    0.494866] PCI: Using host bridge windows from ACPI; if necessary, use "pci=nocrs" and report a bug
[    0.500020] ACPI: PCI Root Bridge [PCI0] (domain 0000 [bus 00-ff])
[    0.501735] acpi PNP0A03:00: _OSC: OS supports [ASPM ClockPM Segments MSI]
[    0.503341] acpi PNP0A03:00: _OSC: not requesting OS control; OS requires [ExtendedConfig ASPM ClockPM MSI]
[    0.505521] acpi PNP0A03:00: fail to add MMCONFIG information, can't access extended PCI configuration space under this bridge.
[    0.509534] PCI host bridge to bus 0000:00
[    0.510768] pci_bus 0000:00: root bus resource [io  0x0000-0x0cf7 window]
[    0.513431] pci_bus 0000:00: root bus resource [io  0x0d00-0xffff window]
[    0.515178] pci_bus 0000:00: root bus resource [mem 0x000a0000-0x000bffff window]
[    0.518444] pci_bus 0000:00: root bus resource [mem 0x40000000-0xfdffffff window]
[    0.519760] pci_bus 0000:00: root bus resource [bus 00-ff]
[    0.522721] pci 0000:00:01.1: legacy IDE quirk: reg 0x10: [io  0x01f0-0x01f7]
[    0.524021] pci 0000:00:01.1: legacy IDE quirk: reg 0x14: [io  0x03f6]
[    0.525521] pci 0000:00:01.1: legacy IDE quirk: reg 0x18: [io  0x0170-0x0177]
[    0.526692] pci 0000:00:01.1: legacy IDE quirk: reg 0x1c: [io  0x0376]
[    0.539718] pci 0000:00:07.0: quirk: [io  0x4000-0x403f] claimed by PIIX4 ACPI
[    0.553025] pci 0000:00:07.0: quirk: [io  0x4100-0x410f] claimed by PIIX4 SMB
[    0.567702] ACPI: PCI Interrupt Link [LNKA] (IRQs 5 9 10 *11)
[    0.569573] ACPI: PCI Interrupt Link [LNKB] (IRQs 5 9 *10 11)
[    0.573181] ACPI: PCI Interrupt Link [LNKC] (IRQs 5 *9 10 11)
[    0.578203] ACPI: PCI Interrupt Link [LNKD] (IRQs 5 9 10 *11)
[    0.580644] ACPI: Enabled 2 GPEs in block 00 to 07
[    0.582197] vgaarb: setting as boot device: PCI:0000:00:02.0
[    0.583748] vgaarb: device added: PCI:0000:00:02.0,decodes=io+mem,owns=io+mem,locks=none
[    0.585782] vgaarb: loaded
[    0.586351] vgaarb: bridge control possible 0000:00:02.0
[    0.587978] SCSI subsystem initialized
[    0.588969] ACPI: bus type USB registered
[    0.590097] usbcore: registered new interface driver usbfs
[    0.591294] usbcore: registered new interface driver hub
[    0.592156] usbcore: registered new device driver usb
[    0.593263] PCI: Using ACPI for IRQ routing
[    0.594942] NetLabel: Initializing
[    0.596106] NetLabel:  domain hash size = 128
[    0.597219] NetLabel:  protocols = UNLABELED CIPSOv4
[    0.598412] NetLabel:  unlabeled traffic allowed by default
[    0.600954] amd_nb: Cannot enumerate AMD northbridges
[    0.602260] clocksource: Switched to clocksource kvm-clock
[    0.613337] AppArmor: AppArmor Filesystem Enabled
[    0.614714] pnp: PnP ACPI init
[    0.617150] pnp: PnP ACPI: found 3 devices
[    0.631848] clocksource: acpi_pm: mask: 0xffffff max_cycles: 0xffffff, max_idle_ns: 2085701024 ns
[    0.634017] NET: Registered protocol family 2
[    0.636439] TCP established hash table entries: 8192 (order: 4, 65536 bytes)
[    0.637649] TCP bind hash table entries: 8192 (order: 5, 131072 bytes)
[    0.638819] TCP: Hash tables configured (established 8192 bind 8192)
[    0.643052] UDP hash table entries: 512 (order: 2, 16384 bytes)
[    0.644076] UDP-Lite hash table entries: 512 (order: 2, 16384 bytes)
[    0.645394] NET: Registered protocol family 1
[    0.646198] pci 0000:00:00.0: Limiting direct PCI/PCI transfers
[    0.647266] pci 0000:00:01.0: Activating ISA DMA hang workarounds
[    0.648335] Unpacking initramfs...
[    0.926104] Freeing initrd memory: 14876K
[    0.927647] clocksource: tsc: mask: 0xffffffffffffffff max_cycles: 0x396d4a59358, max_idle_ns: 881590518684 ns
[    0.930540] platform rtc_cmos: registered platform RTC device (no PNP device found)
[    0.932317] Scanning for low memory corruption every 60 seconds
[    0.934129] audit: initializing netlink subsys (disabled)
[    0.935732] audit: type=2000 audit(1595944890.944:1): initialized
[    0.937740] Initialise system trusted keyring
[    0.938757] HugeTLB registered 2 MB page size, pre-allocated 0 pages
[    0.941003] zbud: loaded
[    0.941901] VFS: Disk quotas dquot_6.6.0
[    0.942681] VFS: Dquot-cache hash table entries: 512 (order 0, 4096 bytes)
[    0.944252] squashfs: version 4.0 (2009/01/31) Phillip Lougher
[    0.945940] fuse init (API version 7.23)
[    0.947142] Key type big_key registered
[    0.948416] Allocating IMA MOK and blacklist keyrings.
[    0.955137] Key type asymmetric registered
[    0.956777] Asymmetric key parser 'x509' registered
[    0.958726] Block layer SCSI generic (bsg) driver version 0.4 loaded (major 249)
[    0.960802] io scheduler noop registered
[    0.961741] io scheduler deadline registered (default)
[    0.963233] io scheduler cfq registered
[    0.964203] pci_hotplug: PCI Hot Plug PCI Core version: 0.5
[    0.966083] pciehp: PCI Express Hot Plug Controller Driver version: 0.4
[    0.967360] ACPI: AC Adapter [AC] (on-line)
[    0.968083] input: Power Button as /devices/LNXSYSTM:00/LNXPWRBN:00/input/input0
[    0.969442] ACPI: Power Button [PWRF]
[    0.970237] input: Sleep Button as /devices/LNXSYSTM:00/LNXSLPBN:00/input/input1
[    0.971662] ACPI: Sleep Button [SLPF]
[    0.972685] GHES: HEST is not enabled!
[    0.973721] ACPI: Battery Slot [BAT0] (battery present)
[    0.976291] Serial: 8250/16550 driver, 32 ports, IRQ sharing enabled
[    0.999486] 00:02: ttyS0 at I/O 0x3f8 (irq = 4, base_baud = 115200) is a 16550A
[    1.006123] Linux agpgart interface v0.103
[    1.008428] loop: module loaded
[    1.009415] scsi host0: ata_piix
[    1.010114] scsi host1: ata_piix
[    1.011201] ata1: PATA max UDMA/33 cmd 0x1f0 ctl 0x3f6 bmdma 0xd000 irq 14
[    1.012412] ata2: PATA max UDMA/33 cmd 0x170 ctl 0x376 bmdma 0xd008 irq 15
[    1.013403] libphy: Fixed MDIO Bus: probed
[    1.014424] tun: Universal TUN/TAP device driver, 1.6
[    1.015582] tun: (C) 1999-2004 Max Krasnyansky <maxk@qualcomm.com>
[    1.016731] PPP generic driver version 2.4.2
[    1.017998] ehci_hcd: USB 2.0 'Enhanced' Host Controller (EHCI) Driver
[    1.019056] ehci-pci: EHCI PCI platform driver
[    1.019745] ehci-platform: EHCI generic platform driver
[    1.020666] ohci_hcd: USB 1.1 'Open' Host Controller (OHCI) Driver
[    1.021594] ohci-pci: OHCI PCI platform driver
[    1.022372] ohci-platform: OHCI generic platform driver
[    1.023463] uhci_hcd: USB Universal Host Controller Interface driver
[    1.024556] i8042: PNP: PS/2 Controller [PNP0303:PS2K,PNP0f03:PS2M] at 0x60,0x64 irq 1,12
[    1.027003] serio: i8042 KBD port at 0x60,0x64 irq 1
[    1.027908] serio: i8042 AUX port at 0x60,0x64 irq 12
[    1.029196] mousedev: PS/2 mouse device common for all mice
[    1.031051] input: AT Translated Set 2 keyboard as /devices/platform/i8042/serio0/input/input2
[    1.033029] rtc_cmos rtc_cmos: rtc core: registered rtc_cmos as rtc0
[    1.034022] rtc_cmos rtc_cmos: alarms up to one day, 114 bytes nvram
[    1.036844] i2c /dev entries driver
[    1.037868] device-mapper: uevent: version 1.0.3
[    1.038967] device-mapper: ioctl: 4.34.0-ioctl (2015-10-28) initialised: dm-devel@redhat.com
[    1.041673] ledtrig-cpu: registered to indicate activity on CPUs
[    1.043623] NET: Registered protocol family 10
[    1.044827] NET: Registered protocol family 17
[    1.045703] Key type dns_resolver registered
[    1.047545] registered taskstats version 1
[    1.048340] Loading compiled-in X.509 certificates
[    1.049842] Loaded X.509 cert 'Build time autogenerated kernel key: c2b7431ed9258328a3a0cf301f850647788d8e61'
[    1.051807] zswap: loaded using pool lzo/zbud
[    1.054238] Key type trusted registered
[    1.057800] Key type encrypted registered
[    1.058793] AppArmor: AppArmor sha1 policy hashing enabled
[    1.059750] ima: No TPM chip found, activating TPM-bypass!
[    1.060692] ima: Allocated hash algorithm: sha1
[    1.061497] evm: HMAC attrs: 0x1
[    1.062437]   Magic number: 12:556:31
[    1.063243] rtc_cmos rtc_cmos: setting system clock to 2020-07-28 14:01:26 UTC (1595944886)
[    1.065632] BIOS EDD facility v0.16 2004-Jun-25, 0 devices found
[    1.067057] EDD information not available.
[    1.215444] Freeing unused kernel memory: 1488K
[    1.216896] Write protecting the kernel read-only data: 14336k
[    1.218912] Freeing unused kernel memory: 1604K
[    1.219748] Freeing unused kernel memory: 64K
Loading, please wait...
starting version 229
[    1.231307] random: systemd-udevd: uninitialized urandom read (16 bytes read, 3 bits of entropy available)
[    1.231779] random: udevadm: uninitialized urandom read (16 bytes read, 3 bits of entropy available)
[    1.231793] random: udevadm: uninitialized urandom read (16 bytes read, 3 bits of entropy available)
[    1.241493] random: udevadm: uninitialized urandom read (16 bytes read, 3 bits of entropy available)
[    1.241553] random: udevadm: uninitialized urandom read (16 bytes read, 3 bits of entropy available)
[    1.241662] random: udevadm: uninitialized urandom read (16 bytes read, 3 bits of entropy available)
[    1.241701] random: udevadm: uninitialized urandom read (16 bytes read, 3 bits of entropy available)
[    1.241739] random: udevadm: uninitialized urandom read (16 bytes read, 3 bits of entropy available)
[    1.241777] random: udevadm: uninitialized urandom read (16 bytes read, 3 bits of entropy available)
[    1.241812] random: udevadm: uninitialized urandom read (16 bytes read, 3 bits of entropy available)
[    1.295790] Fusion MPT base driver 3.04.20
[    1.297312] Copyright (c) 1999-2008 LSI Corporation
[    1.299596] e1000: Intel(R) PRO/1000 Network Driver - version 7.3.21-k8-NAPI
[    1.301410] e1000: Copyright (c) 1999-2006 Intel Corporation.
[    1.313860] Fusion MPT SPI Host driver 3.04.20
[    1.317691] AVX2 version of gcm_enc/dec engaged.
[    1.319115] AES CTR mode by8 optimization enabled
[    1.506968] input: ImExPS/2 Generic Explorer Mouse as /devices/platform/i8042/serio1/input/input4
[    1.683333] e1000 0000:00:03.0 eth0: (PCI:33MHz:32-bit) 02:38:f8:91:fa:5a
[    1.685800] e1000 0000:00:03.0 eth0: Intel(R) PRO/1000 Network Connection
[    1.688732] mptbase: ioc0: Initiating bringup
[    1.750990] ioc0: LSI53C1030 A0: Capabilities={Initiator}
[    1.912506] scsi host2: ioc0: LSI53C1030 A0, FwRev=00000000h, Ports=1, MaxQ=256, IRQ=20
[    2.031475] scsi 2:0:0:0: Direct-Access     VBOX     HARDDISK         1.0  PQ: 0 ANSI: 5
[    2.033996] scsi target2:0:0: Beginning Domain Validation
[    2.037651] scsi target2:0:0: Domain Validation skipping write tests
[    2.039873] scsi target2:0:0: Ending Domain Validation
[    2.041634] scsi target2:0:0: asynchronous
[    2.043485] scsi 2:0:1:0: Direct-Access     VBOX     HARDDISK         1.0  PQ: 0 ANSI: 5
[    2.045948] scsi target2:0:1: Beginning Domain Validation
[    2.048815] scsi target2:0:1: Domain Validation skipping write tests
[    2.051512] scsi target2:0:1: Ending Domain Validation
[    2.053139] scsi target2:0:1: asynchronous
[    2.071081] sd 2:0:0:0: Attached scsi generic sg0 type 0
[    2.072781] sd 2:0:0:0: [sda] 20971520 512-byte logical blocks: (10.7 GB/10.0 GiB)
[    2.087809] sd 2:0:1:0: Attached scsi generic sg1 type 0
[    2.089928] sd 2:0:1:0: [sdb] 20480 512-byte logical blocks: (10.5 MB/10.0 MiB)
[    2.093293] sd 2:0:0:0: [sda] Write Protect is off
[    2.095670] sd 2:0:1:0: [sdb] Write Protect is off
[    2.098108] sd 2:0:1:0: [sdb] Incomplete mode parameter data
[    2.099867] sd 2:0:1:0: [sdb] Assuming drive cache: write through
[    2.101518] sd 2:0:0:0: [sda] Incomplete mode parameter data
[    2.102822] sd 2:0:0:0: [sda] Assuming drive cache: write through
[    2.106484]  sda: sda1
[    2.109115] sd 2:0:1:0: [sdb] Attached SCSI disk
[    2.111690] sd 2:0:0:0: [sda] Attached SCSI disk
[    2.412736] e1000 0000:00:08.0 eth1: (PCI:33MHz:32-bit) 08:00:27:6c:a2:1f
[    2.414189] e1000 0000:00:08.0 eth1: Intel(R) PRO/1000 Network Connection
[    2.417726] e1000 0000:00:03.0 enp0s3: renamed from eth0
[    2.430682] e1000 0000:00:08.0 enp0s8: renamed from eth1
Begin: Loading essential drivers ... [    3.763246] md: linear personality registered for level -1
[    3.767237] md: multipath personality registered for level -4
[    3.771527] md: raid0 personality registered for level 0
[    3.777060] md: raid1 personality registered for level 1
[    3.846538] raid6: sse2x1   gen()  8896 MB/s
[    3.914859] raid6: sse2x1   xor()  6218 MB/s
[    3.982564] raid6: sse2x2   gen() 11008 MB/s
[    4.050571] raid6: sse2x2   xor()  9395 MB/s
[    4.118720] raid6: sse2x4   gen() 11280 MB/s
[    4.186339] raid6: sse2x4   xor()  7987 MB/s
[    4.254305] raid6: avx2x1   gen() 18616 MB/s
[    4.322269] raid6: avx2x2   gen() 23418 MB/s
[    4.390433] raid6: avx2x4   gen() 24685 MB/s
[    4.391907] raid6: using algorithm avx2x4 gen() 24685 MB/s
[    4.393636] raid6: using avx2x2 recovery algorithm
[    4.396798] xor: automatically using best checksumming function:
[    4.434724]    avx       : 22554.000 MB/sec
[    4.437715] async_tx: api initialized (async)
[    4.449514] md: raid6 personality registered for level 6
[    4.450549] md: raid5 personality registered for level 5
[    4.451802] md: raid4 personality registered for level 4
[    4.459264] md: raid10 personality registered for level 10
done.
Begin: Running /scripts/init-premount ... done.
Begin: Mounting root file system ... Begin: Running /scripts/local-top ... done.
Begin: Running /scripts/local-premount ... [    4.487606] Btrfs loaded
Scanning for Btrfs filesystems
done.
Warning: fsck not present, so skipping root file system
[    4.527544] EXT4-fs (sda1): mounted filesystem with ordered data mode. Opts: (null)
done.
Begin: Running /scripts/local-bottom ... done.
Begin: Running /scripts/init-bottom ... done.
[    4.624822] systemd[1]: systemd 229 running in system mode. (+PAM +AUDIT +SELINUX +IMA +APPARMOR +SMACK +SYSVINIT +UTMP +LIBCRYPTSETUP +GCRYPT +GNUTLS +ACL +XZ -LZ4 +SECCOMP +BLKID +ELFUTILS +KMOD -IDN)
[    4.629114] systemd[1]: Detected virtualization oracle.
[    4.629982] systemd[1]: Detected architecture x86-64.

Welcome to [1mUbuntu 16.04.6 LTS[0m!

[    4.633165] systemd[1]: Set hostname to <ubuntu>.
[    4.640412] systemd[1]: Initializing machine ID from random generator.
[    4.641979] systemd[1]: Installed transient /etc/machine-id file.
[    4.794663] systemd[1]: Reached target System Time Synchronized.
[[0;32m  OK  [0m] Reached target System Time Synchronized.
[    4.796696] systemd[1]: Listening on udev Control Socket.
[[0;32m  OK  [0m] Listening on udev Control Socket.
[    4.806454] systemd[1]: Listening on udev Kernel Socket.
[[0;32m  OK  [0m] Listening on udev Kernel Socket.
[    4.815244] systemd[1]: Listening on LVM2 metadata daemon socket.
[[0;32m  OK  [0m] Listening on LVM2 metadata daemon socket.
[    4.817576] systemd[1]: Listening on Journal Audit Socket.
[[0;32m  OK  [0m] Listening on Journal Audit Socket.
[    4.826950] systemd[1]: Reached target Encrypted Volumes.
[[0;32m  OK  [0m] Reached target Encrypted Volumes.
[    4.835193] systemd[1]: Created slice User and Session Slice.
[[0;32m  OK  [0m] Created slice User and Session Slice.
[    4.837561] systemd[1]: Listening on Syslog Socket.
[[0;32m  OK  [0m] Listening on Syslog Socket.
[    4.846668] systemd[1]: Listening on LVM2 poll daemon socket.
[[0;32m  OK  [0m] Listening on LVM2 poll daemon socket.
[    4.854534] systemd[1]: Started Forward Password Requests to Wall Directory Watch.
[[0;32m  OK  [0m] Started Forward Password Requests to Wall Directory Watch.
[    4.862473] systemd[1]: Listening on Device-mapper event daemon FIFOs.
[[0;32m  OK  [0m] Listening on Device-mapper event daemon FIFOs.
[    4.871182] systemd[1]: Reached target User and Group Name Lookups.
[[0;32m  OK  [0m] Reached target User and Group Name Lookups.
[    4.878885] systemd[1]: Reached target Swap.
[[0;32m  OK  [0m] Reached target Swap.
[    4.880898] systemd[1]: Started Trigger resolvconf update for networkd DNS.
[[0;32m  OK  [0m] Started Trigger resolvconf update for networkd DNS.
[    4.890698] systemd[1]: Listening on Journal Socket (/dev/log).
[[0;32m  OK  [0m] Listening on Journal Socket (/dev/log).
[    4.898760] systemd[1]: Set up automount Arbitrary Executable File Formats File System Automount Point.
[[0;32m  OK  [0m] Set up automount Arbitrary Executab...ats File System Automount Point.
[    4.903352] systemd[1]: Created slice System Slice.
[[0;32m  OK  [0m] Created slice System Slice.
[    4.905458] systemd[1]: Reached target Slices.
[[0;32m  OK  [0m] Reached target Slices.
[    4.907603] systemd[1]: Created slice system-serial\x2dgetty.slice.
[[0;32m  OK  [0m] Created slice system-serial\x2dgetty.slice.
[    4.910215] systemd[1]: Listening on /dev/initctl Compatibility Named Pipe.
[[0;32m  OK  [0m] Listening on /dev/initctl Compatibility Named Pipe.
[    4.918842] systemd[1]: Listening on Journal Socket.
[[0;32m  OK  [0m] Listening on Journal Socket.
[    4.930692] systemd[1]: Starting Set console keymap...
         Starting Set console keymap...
[    4.934350] systemd[1]: Starting Nameserver information manager...
         Starting Nameserver information manager...
[    4.943804] systemd[1]: Mounting POSIX Message Queue File System...
         Mounting POSIX Message Queue File System...
[    4.949642] systemd[1]: Starting Create list of required static device nodes for the current kernel...
         Starting Create list of required st... nodes for the current kernel...
[    4.964198] systemd[1]: Starting Monitoring of LVM2 mirrors, snapshots etc. using dmeventd or progress polling...
         Starting Monitoring of LVM2 mirrors... dmeventd or progress polling...
[    4.975869] systemd[1]: Starting Journal Service...
         Starting Journal Service...
[    4.982248] systemd[1]: Starting Remount Root and Kernel File Systems...
         Starting Remount Root and Kernel File Systems...
[    4.985676] EXT4-fs (sda1): re-mounted. Opts: (null)
[    4.985989] systemd[1]: Starting Uncomplicated firewall...
         Starting Uncomplicated firewall...
[    4.989635] systemd[1]: Mounting Debug File System...
         Mounting Debug File System...
[    4.993840] systemd[1]: Starting Load Kernel Modules...
         Starting Load Kernel Modules...
[    5.001172] systemd[1]: Mounting Huge Pages File System...
         Mounting Huge Pages File System...
[    5.008927] systemd[1]: Mounted Debug File System.
[[0;32m  OK  [0m] Mounted Debug File System.
[    5.011880] systemd[1]: Mounted Huge Pages File System.
[[0;32m  OK  [0m] Mounted Huge Pages File System.
[    5.018127] systemd[1]: Mounted POSIX Message Queue File System.
[    5.019796] Loading iSCSI transport class v2.0-870.
[[0;32m  OK  [0m] Mounted POSIX Message Queue File System.
[    5.023748] systemd[1]: Started Create list of required static device nodes for the current kernel.
[[0;32m  OK  [0m] Started Create list of required sta...ce nodes for the current kernel.
[    5.029170] systemd[1]: Started Set console keymap.
[[0;32m  OK  [0m] Started Set console keymap.
[    5.036764] iscsi: registered transport (tcp)
[    5.039424] systemd[1]: Started Remount Root and Kernel File Systems.
[[0;32m  OK  [0m] Started Remount Root and Kernel File Systems.
[    5.051406] systemd[1]: Started Uncomplicated firewall.
[[0;32m  OK  [0m] Started Uncomplicated firewall.
[    5.060552] iscsi: registered transport (iser)
[    5.070492] systemd[1]: Started Nameserver information manager.
[[0;32m  OK  [0m] Started Nameserver information manager.
[    5.074084] systemd[1]: Started Load Kernel Modules.
[[0;32m  OK  [0m] Started Load Kernel Modules.
[    5.078676] systemd[1]: Started Journal Service.
[[0;32m  OK  [0m] Started Journal Service.
[[0;32m  OK  [0m] Started LVM2 metadata daemon.
         Starting Apply Kernel Variables...
         Mounting FUSE Control File System...
         Starting udev Coldplug all Devices...
         Starting Flush Journal to Persistent Storage...
         Starting Load/Save Random Seed...
         Starting Create Static Device Nodes in /dev...
[[0;32m  OK  [0m] Mounted FUSE Control File System.
[[0;32m  OK  [0m] Started Apply Kernel Variables.
[[0;32m  OK  [0m] Started Load/Save Random Seed.
[[0;32m  OK  [0m] Started Create Static Device Nodes in /dev.
         Starting udev Kernel Device Manager...
[[0;32m  OK  [0m] Started Flush Journal to Persistent Storage.
[[0;32m  OK  [0m] Started udev Coldplug all Devices.
[[0;32m  OK  [0m] Started udev Kernel Device Manager.
[[0;32m  OK  [0m] Started Dispatch Password Requests to Console Directory Watch.
[[0;32m  OK  [0m] Started Monitoring of LVM2 mirrors,...ng dmeventd or progress polling.
[[0;32m  OK  [0m] Reached target Local File Systems (Pre).
[[0;32m  OK  [0m] Reached target Local File Systems.
         Starting Create Volatile Files and Directories...
         Starting Set console font and keymap...
         Starting LSB: AppArmor initialization...
         Starting Tell Plymouth To Write Out Runtime Data...
         Starting Initial cloud-init job (pre-networking)...
         Starting Commit a transient machine-id on disk...
[[0;32m  OK  [0m] Started Create Volatile Files and Directories.
         Starting Update UTMP about System Boot/Shutdown...
[[0;32m  OK  [0m] Started Tell Plymouth To Write Out Runtime Data.
[[0;32m  OK  [0m] Started Update UTMP about System Boot/Shutdown.
[[0;32m  OK  [0m] Started Commit a transient machine-id on disk.
[[0;32m  OK  [0m] Found device /dev/ttyS0.
[[0;32m  OK  [0m] Listening on Load/Save RF Kill Switch Status /dev/rfkill Watch.
[[0;32m  OK  [0m] Started LSB: AppArmor initialization.
[    6.382988] cloud-init[492]: Cloud-init v. 19.4-33-gbb4131a2-0ubuntu1~16.04.1 running 'init-local' at Tue, 28 Jul 2020 14:01:31 +0000. Up 5.94 seconds.
[[0;32m  OK  [0m] Started Initial cloud-init job (pre-networking).
[[0;32m  OK  [0m] Reached target Network (Pre).
         Starting Raise network interfaces...
[[0;32m  OK  [0m] Started Set console font and keymap.
[[0;32m  OK  [0m] Created slice system-getty.slice.
[[0;32m  OK  [0m] Started Raise network interfaces.
         Starting Initial cloud-init job (metadata service crawler)...
[[0;32m  OK  [0m] Reached target Network.
[    8.471353] cloud-init[970]: Cloud-init v. 19.4-33-gbb4131a2-0ubuntu1~16.04.1 running 'init' at Tue, 28 Jul 2020 14:01:33 +0000. Up 7.90 seconds.
[    8.480778] cloud-init[970]: ci-info: ++++++++++++++++++++++++++++++++++++++Net device info+++++++++++++++++++++++++++++++++++++++
[    8.488582] cloud-init[970]: ci-info: +--------+-------+----------------------------+---------------+--------+-------------------+
[    8.496335] cloud-init[970]: ci-info: | Device |   Up  |          Address           |      Mask     | Scope  |     Hw-Address    |
[    8.505391] cloud-init[970]: ci-info: +--------+-------+----------------------------+---------------+--------+-------------------+
[    8.513547] cloud-init[970]: ci-info: | enp0s3 |  True |         10.0.2.15          | 255.255.255.0 | global | 02:38:f8:91:fa:5a |
[    8.520748] [cloud-init[0;32m  OK  [0m[970]: ] ci-info: | enp0s3 |  True | fe80::38:f8ff:fe91:fa5a/64 |       .       |  link  | 02:38:f8:91:fa:5a |Started Initial cloud-init job (metadata service crawler).

[[0;32m  OK  [0m] Reached target System Initialization.
[[    8.521523] [0;32m  OK  [0mcloud-init] [970]: Listening on ACPID Listen Socket.ci-info: | enp0s8 | False |             .              |       .       |   .    | 08:00:27:6c:a2:1f |

[    8.524197] [[0;32m  OK  [0m] Started ACPI Events Check.
[[0;32m  OK  [0m] Reached target Paths.
cloud-init[970]: ci-info: |   lo   |  True |         127.0.0.1          |   255.0.0.0   |  host  |         .         |
[    8.526226]          Starting LXD - unix socket.
[[0;32m  OK  [0m] Listening on UUID daemon activation socket.
cloud-init[970]: ci-info: |   lo   |  True |          ::1/128           |       .       |  host  |         .         |
[    8.528615] [[0;32m  OK  [0m] Listening on D-Bus System Message Bus Socket.
cloud-init[970]: ci-info: +--------+-------+----------------------------+---------------+--------+-------------------+
[    8.530895] [[0;32m  OK  [0m] Started Daily apt download activities.
[[0;32m  OK  [0m] Started Daily apt upgrade and clean activities.
         Starting Socket activation for snappy daemon.
[[0;32m  OK  [0m] Started Daily Cleanup of Temporary Directories.
cloud-init[970]: ci-info: +++++++++++++++++++++++++++Route IPv4 info++++++++++++++++++++++++++++
[    8.535097] [[0;32m  OK  [0m] Started Message of the Day.
[[0;32m  OK  [0m] Reached target Timers.
[[0;32m  OK  [0m] Reached target Cloud-config availability.
[[0;32m  OK  [0m] Reached target Network is Online.
cloud-init[970]: ci-info: +-------+-------------+----------+---------------+-----------+-------+
[    8.538855] cloud-init[970]: ci-info: | Route | Destination | Gateway  |    Genmask    | Interface | Flags |
[    8.540314] cloud-init[970]: ci-info: +-------+-------------+----------+---------------+-----------+-------+
[    8.541760] cloud-init[970]: ci-info: |   0   |   0.0.0.0   | 10.0.2.2 |    0.0.0.0    |   enp0s3  |   UG  |
[    8.543533] cloud-init[970]: ci-info: |   1   |   10.0.2.0  | 0.0.0.0  | 255.255.255.0 |   enp0s3  |   U   |
[    8.545034] cloud-init[970]: ci-info: +-------+-------------+----------+---------------+-----------+-------+
[    8.546378] cloud-init[970]: ci-info: +++++++++++++++++++Route IPv6 info+++++++++++++++++++
[    8.548270]          Starting iSCSI initiator daemon (iscsid)...
cloud-init[970]: ci-info: +-------+-------------+---------+-----------+-------+
[[0;32m  OK  [0m] Listening on LXD - unix socket.
[[0;32m  OK  [0m] Listening on Socket activation for snappy daemon.
[[0;32m  OK  [0m] Reached target Sockets.
[[0;32m  OK  [0m] Reached target Basic System.
[    8.550398] cloud-init[970]: ci-info: | Route | Destination | Gateway | Interface | Flags |
[    8.558115]          cloud-initStarting System Logging Service...[970]: 
ci-info: +-------+-------------+---------+-----------+-------+
[    8.560223] cloud-init[970]: ci-info: |   0   |  fe80::/64  |    ::   |   enp0s3  |   U   |
[    8.576231] cloud-init[970]: ci-info: |   3   |   ff00::/8  |    ::   |   enp0s3  |   U   |
[[0;32m  OK  [0m] Started Deferred execution scheduler.
[    8.580298] cloud-init[970]: ci-info: +-------+-------------+---------+-----------+-------+
[    8.593024] cloud-init[970]: Generating public/private rsa key pair.
[    8.596471] cloud-init[970]: Your identification has been saved in /etc/ssh/ssh_host_rsa_key.
         Starting Virtualbox guest utils...
         Starting LSB: MD monitoring daemon...
[[0;32m  OK  [0m] Started FUSE filesystem for LXC.
[    8.599732] cloud-init[970]: Your public key has been saved in /etc/ssh/ssh_host_rsa_key.pub.
[[0;32m  OK  [0m] Started ACPI event daemon.
[    8.620881] cloud-init[970]: The key fingerprint is:
[    8.633202] [cloud-init[0;32m  OK  [0m[970]: ] SHA256:rdXJz1ac2Wd20WhCYhw3nZEVApqAUIOuz5LxDz541s0 root@ubuntu-xenialStarted Regular background program processing daemon.

[    8.640544] cloud-init[970]: The key's randomart image is:
         Starting Accounts Service...
[    8.641196] cloud-init[970]: +---[RSA 2048]----+
[    8.649786] cloud-init[970]: |   .+o.. .+o=o.*o|
[    8.650665] cloud-init[970]: |   . .. ..++ .=..|
[    8.651492] cloud-init[970]: |  .      o  . o..|
[    8.652548] cloud-init[970]: |   .     . o + .=|
[    8.660417] cloud-init[970]: |  .     S o +  oO|
[[0;32m  OK  [0m] Started D-Bus System Message Bus.
[    8.673199] cloud-init[970]: | o       o   o +o|
[    8.680751] cloud-init[970]: |  B.. o .     +  |
         Starting Pollinate to seed the pseudo random number generator...
[    8.700666] cloud-init[970]: | +.B.. E     .   |
[    8.712380] cloud-init[970]: |  +.o.           |
[    8.713163] cloud-init[970]: +----[SHA256]-----+
[    8.713758] cloud-init[970]: Generating public/private dsa key pair.
[    8.714462] cloud-init[970]: Your identification has been saved in /etc/ssh/ssh_host_dsa_key.
         Starting Login Service...
         Starting /etc/rc.local Compatibility...
[    8.724643] cloud-init[970]: Your public key has been saved in /etc/ssh/ssh_host_dsa_key.pub.
         Starting Snappy daemon...
         Starting LSB: Record successful boot for GRUB...
         Starting LXD - container startup/shutdown...
[[0;32m  OK  [0m] Started System Logging Service.
[[0;32m  OK  [0m] Started /etc/rc.local Compatibility.
[    8.733166] cloud-init[970]: The key fingerprint is:
[    8.746840] cloud-init[970]: SHA256:Zs0LcPtNAe/00eCbbSqEJbnn9JxPZOeJk6gVrx8DJXA root@ubuntu-xenial
[[0;32m  OK  [0m] Started iSCSI initiator daemon (iscsid).
         Starting Login to default iSCSI targets...
[    8.756885] cloud-init[970]: The key's randomart image is:
[    8.772714] cloud-init[970]: +---[DSA 1024]----+
[    8.782417] cloud-init[970]: |         ..E  .  |
         Starting Authenticate and Authorize Users to Run Privileged Tasks...
[    8.788985] cloud-init[970]: |          o+ . o |
[[0;32m  OK  [0m] Started LSB: MD monitoring daemon.
[[0;32m  OK  [0m] Started Login Service.
[    8.791212] cloud-init[970]: |      . . o.=.o .|
[    8.800511] cloud-init[[0;32m  OK  [0m] Started Unattended Upgrades Shutdown.
[970]: |       o + Boo = |
[[0;32m  OK  [0m] Started Login to default iSCSI targets.
[    8.818679] cloud-init[970]: |        S =o* + *|
[    8.827414] cloud-init[970]: |       o o O=ooBo|
[    8.827600] cloud-init[970]: |          oo+B=.o|
[[0;32m  OK  [0m] Started Authenticate and Authorize Users to Run Privileged Tasks.
[[0;32m  OK  [0m] Reached target Remote File Systems (Pre).
[[0;32m  OK  [0m] Reached target Remote File Systems.
[    8.827759] cloud-init[970]: |          o ..+o |
[    8.838832] cloud-init[970]: |         . ...  .|
         Starting LSB: Set the CPU Frequency Scaling governor to "ondemand"...
         Starting LSB: automatic crash report generation...
         Starting Permit User Sessions...
[    8.846295] cloud-init[970]: +----[SHA256]-----+
         Starting LSB: daemon to balance interrupts for SMP systems...
[    8.862263] cloud-init[970]: Generating public/private ecdsa key pair.
[    8.867150] [cloud-init[0;32m  OK  [0m[970]: ] Your identification has been saved in /etc/ssh/ssh_host_ecdsa_key.Started LSB: Record successful boot for GRUB.

[    8.870233] cloud-init[[0;32m  OK  [0m] Started Permit User Sessions.
[[0;32m  OK  [0m] Started Accounts Service.
[970]: Your public key has been saved in /etc/ssh/ssh_host_ecdsa_key.pub.
         Starting Terminate Plymouth Boot Screen...
[    8.886171] cloud-init[970]: The key fingerprint is:
[    8.893135]          Starting Hold until boot process finishes up...
cloud-init[970]: SHA256:rhy4iuDiqUmh+D1osXRe9F0mVyqgNxYnGhiR42iYfFA root@ubuntu-xenial
[    8.896103] [[0;32m  OK  [0m] Started Virtualbox guest utils.
cloud-init[970]: [[0;32m  OK  [0m] Started Terminate Plymouth Boot Screen.
[[0;32m  OK  [0m] Started Hold until boot process finishes up.
[[0;32m  OK  [0m] Started Getty on tty1.
[[0;32m  OK  [0m] Started Serial Getty on ttyS0.
[[0;32m  OK  [0m] Reached target Login Prompts.
         Starting Set console scheme...
The key's randomart image is:
[    8.914349] cloud-init[970]: +---[ECDSA 256]---+
[    8.924269] [[0;32m  OK  [0m] Started Set console scheme.
cloud-init[970]: |  .Eo=           |
[    8.928424] cloud-init[970]: | .  + . + .   .  |
[    8.930816] cloud-init[970]: |.o.o . + =   o   |
[[0;32m  OK  [0m] Started LSB: daemon to balance interrupts for SMP systems.
[    8.934078] cloud-init[970]: |o.o.. + + o =    |
[    8.941521] [[0;32m  OK  [0m] Started LSB: Set the CPU Frequency Scaling governor to "ondemand".
cloud-init[970]: | o.  . +So *     |
[    8.945163] cloud-init[970]: |o + ..... .      |
[    8.955146] cloud-init[970]: |+o *... .        |
[    8.957560] cloud-init[970]: |=+=.oo o         |
[    8.968661] cloud-init[970]: |B=o.o.o          |
[    8.972339] cloud-init[970]: +----[SHA256]-----+
[    8.980605] cloud-init[970]: Generating public/private ed25519 key pair.[[0;32m  OK  [0m] Started LSB: automatic crash report generation.

[    8.983183] cloud-init[970]: Your identification has been saved in /etc/ssh/ssh_host_ed25519_key.
[    8.987176] cloud-init[970]: Your public key has been saved in /etc/ssh/ssh_host_ed25519_key.pub.
[    8.988725] cloud-init[970]: The key fingerprint is:
[    8.990019] cloud-init[970]: SHA256:rsoNdaA9pVYq9OyZBukVFNbln+MN+gtLf5eS6hcxKTQ root@ubuntu-xenial
[    8.991618] cloud-init[970]: The key's randomart image is:
[    8.992706] cloud-init[970]: +--[ED25519 256]--+
[    8.993868] cloud-init[970]: |      +o ..      |
[    8.999185] cloud-init[970]: |     o  .. E     |
[    9.002539] cloud-init[970]: |    . o o o . .  |
[    9.009474] cloud-init[970]: |   . * B   o =   |
[[0;32m  OK  [0m] Started LXD - container startup/shutdown.
[    9.016572] cloud-init[970]: |    = @ S   * o  |
[    9.032688] cloud-init[970]: |   . B *   o =   |
[    9.034333] cloud-init[970]: |    o = . + . + .|
[    9.035715] cloud-init[970]: |   . + . . = +...|
[    9.044539] cloud-init[970]: |    o.o   oo*o.. |
[    9.045555] cloud-init[970]: +----[SHA256]-----+
[[0;32m  OK  [0m] Started Snappy daemon.
         Starting Wait until snapd is fully seeded...
[[0;32m  OK  [0m] Started Pollinate to seed the pseudo random number generator.
         Starting OpenBSD Secure Shell server...
[[0;32m  OK  [0m] Started OpenBSD Secure Shell server.
[[0;32m  OK  [0m] Started Wait until snapd is fully seeded.
         Starting Apply the settings specified in cloud-config...
[[0;32m  OK  [0m] Reached target Multi-User System.
[[0;32m  OK  [0m] Reached target Graphical Interface.
         Starting Update UTMP about System Runlevel Changes...
[[0;32m  OK  [0m] Started Update UTMP about System Runlevel Changes.
[   10.131196] cloud-init[1320]: Generating locales (this might take a while)...
[   10.939072] cloud-init[1320]:   en_US.UTF-8... done
[   10.944866] cloud-init[1320]: Generation complete.
[   11.205302] cloud-init[1320]: Cloud-init v. 19.4-33-gbb4131a2-0ubuntu1~16.04.1 running 'modules:config' at Tue, 28 Jul 2020 14:01:35 +0000. Up 10.03 seconds.
[[0;32m  OK  [0m] Started Apply the settings specified in cloud-config.
         Starting Execute cloud user/final scripts...
ci-info: no authorized SSH keys fingerprints found for user ubuntu.
<14>Jul 28 14:01:37 ec2: 
<14>Jul 28 14:01:37 ec2: #############################################################
<14>Jul 28 14:01:37 ec2: -----BEGIN SSH HOST KEY FINGERPRINTS-----
<14>Jul 28 14:01:37 ec2: 1024 SHA256:Zs0LcPtNAe/00eCbbSqEJbnn9JxPZOeJk6gVrx8DJXA root@ubuntu-xenial (DSA)
<14>Jul 28 14:01:37 ec2: 256 SHA256:rhy4iuDiqUmh+D1osXRe9F0mVyqgNxYnGhiR42iYfFA root@ubuntu-xenial (ECDSA)
<14>Jul 28 14:01:37 ec2: 256 SHA256:rsoNdaA9pVYq9OyZBukVFNbln+MN+gtLf5eS6hcxKTQ root@ubuntu-xenial (ED25519)
<14>Jul 28 14:01:37 ec2: 2048 SHA256:rdXJz1ac2Wd20WhCYhw3nZEVApqAUIOuz5LxDz541s0 root@ubuntu-xenial (RSA)
<14>Jul 28 14:01:37 ec2: -----END SSH HOST KEY FINGERPRINTS-----
<14>Jul 28 14:01:37 ec2: #############################################################
-----BEGIN SSH HOST KEY KEYS-----
ecdsa-sha2-nistp256 AAAAE2VjZHNhLXNoYTItbmlzdHAyNTYAAAAIbmlzdHAyNTYAAABBBLvrq/VBz5bqd8FZ38S0LFEr/OTgzpodKYgMaX0YJIs++cIrR+ZYpGpZVfbjXJFbSqWuMQa8x4xoJ/f6ngf7XjM= root@ubuntu-xenial
ssh-ed25519 AAAAC3NzaC1lZDI1NTE5AAAAII5bussOhkwoPKMDHKAu/gkl8aJ3nwhro+W9urFbyWpn root@ubuntu-xenial
ssh-rsa AAAAB3NzaC1yc2EAAAADAQABAAABAQDPCIMQt9siBluFqTYpt3M5ot4ExL/nsaiLbBd/eUoLaiAafa7RtycPoi6BU5RmTxHYcY0fjcNC8CjdUal/gshJwJvGTclKM820Sil+dH+jne3J4jvjtlkJ5ILydrdCpLQJcqV5CB8SBr1eivUE7XeQEXybS8txiE0J9Fn64OArv2fuw/+46o6XsF9ZFEC44puXjE4eWBSUZvle4c1FYQ3mG7Ty9gxoWTYzqiYX7h5s+ADOU0R+IciQ7U5U58+CO2kJJZu+BOdzm90EuPNfV45+1aSbNwyjjD7pLnq2VcutPvmVMXcCk3JcnJfNHXiMX55+hSiK0OvNb55d7QZTBXFB root@ubuntu-xenial
-----END SSH HOST KEY KEYS-----
[   11.629569] cloud-init[1361]: Cloud-init v. 19.4-33-gbb4131a2-0ubuntu1~16.04.1 running 'modules:final' at Tue, 28 Jul 2020 14:01:37 +0000. Up 11.49 seconds.
[   11.636706] cloud-init[1361]: ci-info: no authorized SSH keys fingerprints found for user ubuntu.
[   11.644546] cloud-init[1361]: Cloud-init v. 19.4-33-gbb4131a2-0ubuntu1~16.04.1 finished at Tue, 28 Jul 2020 14:01:37 +0000. Datasource DataSourceNoCloud [seed=/dev/sdb][dsmode=net].  Up 11.61 seconds
[[0;32m  OK  [0m] Started Execute cloud user/final scripts.
[[0;32m  OK  [0m] Reached target Cloud-init target.

Ubuntu 16.04.6 LTS ubuntu-xenial ttyS0

ubuntu-xenial login: 